# 12-state bit/2.1
# Background (precomputed optional): 0.0412689151029924 0.0231671389192358 0.0599445079508294 0.0796249244089918 0.113519805597932 0.0845763487053319 0.124117111554957 0.105288913376871 0.150162613848461 0.0882703257027577 0.0471395802906669 0.082901814540972 1e-06 1e-06 1e-06 1e-06 1e-06 1e-06 1e-06 1e-06 1e-05
# Lambda     (precomputed optional): 0.346578242253608
       A       C       D       E       F       G       H       I       K       L       M       N       P       Q       R       S       T       V       W       Y       X
A 3.80952398252596 2.38095248907873 -1.42857149344724 0 -1.42857149344724 -2.38095248907873 -2.38095248907873 -2.85714298689447 -1.90476199126298 -2.85714298689447 -3.33333348471022 -2.85714298689447 -20 -20 -20 -20 -20 -20 -20 -20 0.0
C 2.38095248907873 4.28571448034171 0 -0.95238099563149 -1.90476199126298 -0.95238099563149 -0.476190497815745 -0.476190497815745 -2.38095248907873 -1.42857149344724 -1.42857149344724 -3.33333348471022 -20 -20 -20 -20 -20 -20 -20 -20 0.0
D -1.42857149344724 0 2.85714298689447 0.476190497815745 -0.95238099563149 0 0 -0.476190497815745 -2.85714298689447 -1.42857149344724 -1.90476199126298 -3.33333348471022 -20 -20 -20 -20 -20 -20 -20 -20 0.0
E 0 -0.95238099563149 0.476190497815745 2.85714298689447 0 -1.90476199126298 -2.38095248907873 -3.33333348471022 -1.90476199126298 -2.85714298689447 -3.33333348471022 -1.90476199126298 -20 -20 -20 -20 -20 -20 -20 -20 0.0
F -1.42857149344724 -1.90476199126298 -0.95238099563149 0 1.90476199126298 0.476190497815745 -1.90476199126298 -2.38095248907873 -0.95238099563149 -1.90476199126298 -1.90476199126298 -1.42857149344724 -20 -20 -20 -20 -20 -20 -20 -20 0.0
G -2.38095248907873 -0.95238099563149 0 -1.90476199126298 0.476190497815745 2.38095248907873 0 -0.476190497815745 -2.38095248907873 -0.95238099563149 -0.95238099563149 -2.38095248907873 -20 -20 -20 -20 -20 -20 -20 -20 0.0
H -2.38095248907873 -0.476190497815745 0 -2.38095248907873 -1.90476199126298 0 2.38095248907873 0.476190497815745 -2.38095248907873 -0.476190497815745 0 -2.38095248907873 -20 -20 -20 -20 -20 -20 -20 -20 0.0
I -2.85714298689447 -0.476190497815745 -0.476190497815745 -3.33333348471022 -2.38095248907873 -0.476190497815745 0.476190497815745 2.38095248907873 -2.38095248907873 0 -0.476190497815745 -2.85714298689447 -20 -20 -20 -20 -20 -20 -20 -20 0.0
K -1.90476199126298 -2.38095248907873 -2.85714298689447 -1.90476199126298 -0.95238099563149 -2.38095248907873 -2.38095248907873 -2.38095248907873 1.90476199126298 0 -1.42857149344724 -0.476190497815745 -20 -20 -20 -20 -20 -20 -20 -20 0.0
L -2.85714298689447 -1.42857149344724 -1.42857149344724 -2.85714298689447 -1.90476199126298 -0.95238099563149 -0.476190497815745 0 0 2.38095248907873 0 -1.42857149344724 -20 -20 -20 -20 -20 -20 -20 -20 0.0
M -3.33333348471022 -1.42857149344724 -1.90476199126298 -3.33333348471022 -1.90476199126298 -0.95238099563149 0 -0.476190497815745 -1.42857149344724 0 3.33333348471022 1.42857149344724 -20 -20 -20 -20 -20 -20 -20 -20 0.0
N -2.85714298689447 -3.33333348471022 -3.33333348471022 -1.90476199126298 -1.42857149344724 -2.38095248907873 -2.38095248907873 -2.85714298689447 -0.476190497815745 -1.42857149344724 1.42857149344724 2.85714298689447 -20 -20 -20 -20 -20 -20 -20 -20 0.0
P -20 -20 -20 -20 -20 -20 -20 -20 -20 -20 -20 -20 -20 -20 -20 -20 -20 -20 -20 -20 0.0
Q -20 -20 -20 -20 -20 -20 -20 -20 -20 -20 -20 -20 -20 -20 -20 -20 -20 -20 -20 -20 0.0
R -20 -20 -20 -20 -20 -20 -20 -20 -20 -20 -20 -20 -20 -20 -20 -20 -20 -20 -20 -20 0.0
S -20 -20 -20 -20 -20 -20 -20 -20 -20 -20 -20 -20 -20 -20 -20 -20 -20 -20 -20 -20 0.0
T -20 -20 -20 -20 -20 -20 -20 -20 -20 -20 -20 -20 -20 -20 -20 -20 -20 -20 -20 -20 0.0
V -20 -20 -20 -20 -20 -20 -20 -20 -20 -20 -20 -20 -20 -20 -20 -20 -20 -20 -20 -20 0.0
W -20 -20 -20 -20 -20 -20 -20 -20 -20 -20 -20 -20 -20 -20 -20 -20 -20 -20 -20 -20 0.0
Y -20 -20 -20 -20 -20 -20 -20 -20 -20 -20 -20 -20 -20 -20 -20 -20 -20 -20 -20 -20 0.0
X 0.0 0.0 0.0 0.0 0.0 0.0 0.0 0.0 0.0 0.0 0.0 0.0 0.0 0.0 0.0 0.0 0.0 0.0 0.0 0.0 0.0
